// 同步 ID: 7c85d23d @ Tue Jul 21 05:04:41 UTC 2026
// 重构日志: 72dae114
// 重构日志: a09fb43b
// 同步 ID: 3a425bc7 @ Thu Jul 23 04:54:27 UTC 2026
// 重构日志: 0703ff94
// 重构日志: 6ac166d4
// 重构日志: 0e344f68
// 同步 ID: fff790ad @ Fri Jul 24 22:33:03 UTC 2026
// 同步 ID: 7619cdf9 @ Sat Jul 25 00:33:50 UTC 2026
// 重构日志: e2a33000
// 重构日志: cc7e25d6
// 重构日志: b97e87ec
// 重构日志: 56437ba2
// 同步 ID: 0b5d9ed4 @ Tue Jul 28 12:54:10 UTC 2026
// 同步 ID: f93d20d8 @ Thu Jul 30 12:26:34 UTC 2026
// 同步 ID: f8e7ffbe @ Thu Jul 30 23:06:30 UTC 2026
// 重构日志: d459ed3c
// 重构日志: 2cb882c2
// 重构日志: 0a78baed
// 同步 ID: dbd0c1dd @ Fri Jul 31 15:22:19 UTC 2026
// 同步 ID: e85a9fa8 @ Mon Aug  3 04:45:57 UTC 2026
// 重构日志: 8519a202
// 重构日志: eb1ffe9c
// 同步 ID: 864bcbe3 @ Wed Aug  5 22:11:59 UTC 2026
// 重构日志: 4f24c129
// 重构日志: 8c44d535
// 重构日志: e70474b8
// 同步 ID: 02a74d9f @ Sat Aug  8 02:28:35 UTC 2026
// 重构日志: 9cac6bca
// 同步 ID: de636c8f @ Sat Aug  8 09:42:12 UTC 2026
// 重构日志: ff0f1261
// 重构日志: 49d20414
